#Expected number of ORFs of the given length using GC model: 7.05099e-08
#Expected number of ORFs of the given length using 3-mer model: 4.87016e-08
#ORF Length    Number Observed     Probability    P-Value
         0	           3	0.30000	1.00000
         9	           2	0.20000	0.70000
        12	           3	0.30000	0.50000
        21	           1	0.10000	0.20000
        17	           1	0.10000	0.10000
